0.674718,Exit slow start,exceeding SS_EXIT_THRESHOLD
0.675698,Restart,Alglib M<4!
1.62055,Exit slow start,exceeding SS_EXIT_THRESHOLD
3.16725,Timeout
3.16726,clearing sending list because of timeout
3.5297,Epoch Error,couldn't send everything within the epoch. Have more to send,9,0
4.05595,Epoch Error,couldn't send everything within the epoch. Have more to send,20,0
4.26464,Epoch Error,couldn't send everything within the epoch. Have more to send,21,0
4.32559,Epoch Error,couldn't send everything within the epoch. Have more to send,14,0
4.92295,Epoch Error,couldn't send everything within the epoch. Have more to send,1,0
5.1249,Epoch Error,couldn't send everything within the epoch. Have more to send,15,0
5.25668,Epoch Error,couldn't send everything within the epoch. Have more to send,11,0
5.32105,Epoch Error,couldn't send everything within the epoch. Have more to send,6,0
5.38444,Epoch Error,couldn't send everything within the epoch. Have more to send,5,0
5.58466,Epoch Error,couldn't send everything within the epoch. Have more to send,4,0
6.12393,Epoch Error,couldn't send everything within the epoch. Have more to send,2,0
8.05047,Epoch Error,couldn't send everything within the epoch. Have more to send,2,0
8.18379,Epoch Error,couldn't send everything within the epoch. Have more to send,2,0
8.25277,Epoch Error,couldn't send everything within the epoch. Have more to send,2,0
8.45037,Epoch Error,couldn't send everything within the epoch. Have more to send,6,0
9.71797,Epoch Error,couldn't send everything within the epoch. Have more to send,12,0
9.85396,Epoch Error,couldn't send everything within the epoch. Have more to send,6,0
10.1175,Epoch Error,couldn't send everything within the epoch. Have more to send,6,0
10.4541,Epoch Error,couldn't send everything within the epoch. Have more to send,19,0
11.1244,Epoch Error,couldn't send everything within the epoch. Have more to send,10,0
11.5165,Epoch Error,couldn't send everything within the epoch. Have more to send,19,0
11.7844,Epoch Error,couldn't send everything within the epoch. Have more to send,3,0
12.4575,Epoch Error,couldn't send everything within the epoch. Have more to send,14,0
12.7266,Epoch Error,couldn't send everything within the epoch. Have more to send,17,0
13.2585,Epoch Error,couldn't send everything within the epoch. Have more to send,18,0
13.388,Epoch Error,couldn't send everything within the epoch. Have more to send,3,0
13.4573,Epoch Error,couldn't send everything within the epoch. Have more to send,12,0
13.522,Epoch Error,couldn't send everything within the epoch. Have more to send,20,0
13.8577,Epoch Error,couldn't send everything within the epoch. Have more to send,24,0
13.9252,Epoch Error,couldn't send everything within the epoch. Have more to send,34,0
14.3895,Epoch Error,couldn't send everything within the epoch. Have more to send,10,0
14.5203,Epoch Error,couldn't send everything within the epoch. Have more to send,5,0
14.9249,Epoch Error,couldn't send everything within the epoch. Have more to send,24,0
15.7854,Epoch Error,couldn't send everything within the epoch. Have more to send,19,0
16.5923,Epoch Error,couldn't send everything within the epoch. Have more to send,16,0
16.9197,Epoch Error,couldn't send everything within the epoch. Have more to send,23,0
16.9886,Epoch Error,couldn't send everything within the epoch. Have more to send,15,0
17.3206,Epoch Error,couldn't send everything within the epoch. Have more to send,32,0
17.6576,Epoch Error,couldn't send everything within the epoch. Have more to send,4,0
17.7857,Epoch Error,couldn't send everything within the epoch. Have more to send,20,0
18.7292,Epoch Error,couldn't send everything within the epoch. Have more to send,17,0
19.5197,Epoch Error,couldn't send everything within the epoch. Have more to send,23,0
19.7881,Epoch Error,couldn't send everything within the epoch. Have more to send,13,0
20.5203,Epoch Error,couldn't send everything within the epoch. Have more to send,22,0
20.9225,Epoch Error,couldn't send everything within the epoch. Have more to send,13,0
21.4573,Epoch Error,couldn't send everything within the epoch. Have more to send,10,0
22.3321,Epoch Error,couldn't send everything within the epoch. Have more to send,14,0
23.1174,Epoch Error,couldn't send everything within the epoch. Have more to send,40,0
24.6518,Epoch Error,couldn't send everything within the epoch. Have more to send,7,0
24.7186,Epoch Error,couldn't send everything within the epoch. Have more to send,6,0
25.2457,Epoch Error,couldn't send everything within the epoch. Have more to send,4,0
25.2516,Epoch Error,couldn't send everything within the epoch. Have more to send,3,0
26.4701,Timeout
26.4701,clearing sending list because of timeout
27.1141,Epoch Error,couldn't send everything within the epoch. Have more to send,31,0
27.3198,Epoch Error,couldn't send everything within the epoch. Have more to send,130,0
28.1879,Epoch Error,couldn't send everything within the epoch. Have more to send,11,0
28.6499,Epoch Error,couldn't send everything within the epoch. Have more to send,11,0
29.7933,Epoch Error,couldn't send everything within the epoch. Have more to send,25,0
30.0574,Epoch Error,couldn't send everything within the epoch. Have more to send,24,0
30.5844,Epoch Error,couldn't send everything within the epoch. Have more to send,5,0
30.8561,Epoch Error,couldn't send everything within the epoch. Have more to send,10,0
31.7235,Epoch Error,couldn't send everything within the epoch. Have more to send,17,0
31.7899,Epoch Error,couldn't send everything within the epoch. Have more to send,3,0
31.8561,Epoch Error,couldn't send everything within the epoch. Have more to send,9,0
31.9285,Epoch Error,couldn't send everything within the epoch. Have more to send,28,0
32.1274,Epoch Error,couldn't send everything within the epoch. Have more to send,27,0
32.2583,Epoch Error,couldn't send everything within the epoch. Have more to send,21,0
32.5231,Epoch Error,couldn't send everything within the epoch. Have more to send,23,0
32.7233,Epoch Error,couldn't send everything within the epoch. Have more to send,16,0
32.9228,Epoch Error,couldn't send everything within the epoch. Have more to send,20,0
33.4557,Epoch Error,couldn't send everything within the epoch. Have more to send,16,0
33.6574,Epoch Error,couldn't send everything within the epoch. Have more to send,18,0
34.3216,Epoch Error,couldn't send everything within the epoch. Have more to send,2,0
34.4572,Epoch Error,couldn't send everything within the epoch. Have more to send,4,0
34.9282,Epoch Error,couldn't send everything within the epoch. Have more to send,24,0
34.9871,Epoch Error,couldn't send everything within the epoch. Have more to send,18,0
36.4544,Epoch Error,couldn't send everything within the epoch. Have more to send,18,0
36.7898,Epoch Error,couldn't send everything within the epoch. Have more to send,7,0
37.0548,Epoch Error,couldn't send everything within the epoch. Have more to send,6,0
37.7821,Epoch Error,couldn't send everything within the epoch. Have more to send,23,0
38.3867,Epoch Error,couldn't send everything within the epoch. Have more to send,19,0
42.8511,Epoch Error,couldn't send everything within the epoch. Have more to send,5,0
43.0506,Epoch Error,couldn't send everything within the epoch. Have more to send,5,0
43.3136,Epoch Error,couldn't send everything within the epoch. Have more to send,5,0
43.7216,Epoch Error,couldn't send everything within the epoch. Have more to send,6,0
43.9213,Epoch Error,couldn't send everything within the epoch. Have more to send,66,0
44.1193,Epoch Error,couldn't send everything within the epoch. Have more to send,44,0
44.4503,Epoch Error,couldn't send everything within the epoch. Have more to send,6,0
44.5222,Epoch Error,couldn't send everything within the epoch. Have more to send,44,0
45.4538,Epoch Error,couldn't send everything within the epoch. Have more to send,76,0
46.0586,Epoch Error,couldn't send everything within the epoch. Have more to send,57,0
46.6533,Epoch Error,couldn't send everything within the epoch. Have more to send,9,0
47.5884,Epoch Error,couldn't send everything within the epoch. Have more to send,11,0
48.4586,Epoch Error,couldn't send everything within the epoch. Have more to send